2025-10-18T12:23:24: INFO:     Started server process [1137780]
2025-10-18T12:23:24: INFO:     Waiting for application startup.
2025-10-18T12:23:24: INFO:     Application startup complete.
2025-10-18T12:23:24: INFO:     Uvicorn running on http://0.0.0.0:8000 (Press CTRL+C to quit)
2025-10-18T22:27:53: WARNING:  Invalid HTTP request received.
2025-10-19T03:30:55: INFO:     167.94.138.53:48642 - "GET / HTTP/1.1" 404 Not Found
2025-10-19T03:30:57: WARNING:  Invalid HTTP request received.
2025-10-19T03:31:05: WARNING:  Invalid HTTP request received.
2025-10-19T03:31:07: INFO:     167.94.138.53:59266 - "GET /wiki HTTP/1.1" 404 Not Found
2025-10-19T03:44:55: INFO:     Shutting down
2025-10-19T03:44:56: INFO:     Waiting for application shutdown.
2025-10-19T03:44:56: INFO:     Application shutdown complete.
2025-10-19T03:44:56: INFO:     Finished server process [1137780]
2025-10-19T03:44:59: INFO:     Started server process [1263298]
2025-10-19T03:44:59: INFO:     Waiting for application startup.
2025-10-19T03:44:59: INFO:     Application startup complete.
2025-10-19T03:44:59: INFO:     Uvicorn running on http://0.0.0.0:8000 (Press CTRL+C to quit)
2025-10-19T03:46:25: INFO:     Shutting down
2025-10-19T03:46:25: INFO:     Waiting for application shutdown.
2025-10-19T03:46:25: INFO:     Application shutdown complete.
2025-10-19T03:46:25: INFO:     Finished server process [1263298]
2025-10-19T03:46:27: INFO:     Started server process [1263774]
2025-10-19T03:46:27: INFO:     Waiting for application startup.
2025-10-19T03:46:27: INFO:     Application startup complete.
2025-10-19T03:46:27: INFO:     Uvicorn running on http://0.0.0.0:8000 (Press CTRL+C to quit)
2025-10-19T03:47:34: INFO:     127.0.0.1:59086 - "GET /health HTTP/1.1" 200 OK
2025-10-19T03:48:41: INFO:     127.0.0.1:55750 - "GET /health HTTP/1.1" 200 OK
2025-10-19T04:31:00: === DEBUG: Received HTML Content ===
2025-10-19T04:31:00: <h1>Scope of Work: [Client Name] - HubSpot Integration &amp; Landing Pages</h1><h2>Overview</h2><p>This scope of work details a proposed solution for Social Garden to support [CLIENT] with HubSpot integration and the development of three targeted landing pages to enhance lead generation and streamline marketing efforts.</p><h2>What does the scope include?</h2><p>• HubSpot account setup and configuration</p><p>• Integration with existing website and CRM systems</p><p>• Development of 3 custom lan
2025-10-19T04:31:00: === Has table tag: True ===
2025-10-19T04:31:01: INFO:     127.0.0.1:37738 - "POST /generate-pdf HTTP/1.1" 200 OK
2025-10-19T05:44:13: INFO:     192.159.99.101:49070 - "GET / HTTP/1.1" 404 Not Found
2025-10-19T09:18:53: INFO:     198.235.24.203:57596 - "GET / HTTP/1.1" 404 Not Found
2025-10-19T09:42:41: WARNING:  Invalid HTTP request received.
2025-10-19T09:42:42: WARNING:  Invalid HTTP request received.
2025-10-19T09:42:42: INFO:     162.243.39.243:37642 - "GET / HTTP/1.1" 404 Not Found
2025-10-19T09:42:42: INFO:     162.243.39.243:37658 - "GET /login HTTP/1.1" 404 Not Found
2025-10-19T09:57:04: INFO:     127.0.0.1:39632 - "POST /generate-pdf HTTP/1.1" 422 Unprocessable Entity
2025-10-19T11:18:49: INFO:     162.142.125.198:52906 - "GET / HTTP/1.1" 404 Not Found
2025-10-19T11:19:00: INFO:     162.142.125.198:47084 - "GET / HTTP/1.1" 404 Not Found
2025-10-19T11:19:01: WARNING:  Invalid HTTP request received.
2025-10-19T11:19:07: WARNING:  Invalid HTTP request received.
2025-10-19T11:19:08: INFO:     162.142.125.198:39216 - "GET /security.txt HTTP/1.1" 404 Not Found
2025-10-19T12:32:28: WARNING:  Invalid HTTP request received.
2025-10-19T12:32:29: WARNING:  Invalid HTTP request received.
2025-10-19T12:43:50: INFO:     Shutting down
2025-10-19T12:43:50: INFO:     Waiting for application shutdown.
2025-10-19T12:43:50: INFO:     Application shutdown complete.
2025-10-19T12:43:50: INFO:     Finished server process [1263774]
2025-10-19T12:43:53: INFO:     Started server process [1306408]
2025-10-19T12:43:53: INFO:     Waiting for application startup.
2025-10-19T12:43:53: INFO:     Application startup complete.
2025-10-19T12:43:53: INFO:     Uvicorn running on http://0.0.0.0:8000 (Press CTRL+C to quit)
2025-10-19T12:45:34: INFO:     Shutting down
2025-10-19T12:45:34: INFO:     Waiting for application shutdown.
2025-10-19T12:45:34: INFO:     Application shutdown complete.
2025-10-19T12:45:34: INFO:     Finished server process [1306408]
2025-10-19T12:45:36: INFO:     Started server process [1307057]
2025-10-19T12:45:36: INFO:     Waiting for application startup.
2025-10-19T12:45:36: INFO:     Application startup complete.
2025-10-19T12:45:36: INFO:     Uvicorn running on http://0.0.0.0:8000 (Press CTRL+C to quit)
2025-10-19T12:48:09: INFO:     Shutting down
2025-10-19T12:48:09: INFO:     Waiting for application shutdown.
2025-10-19T12:48:09: INFO:     Application shutdown complete.
2025-10-19T12:48:09: INFO:     Finished server process [1307057]
2025-10-19T12:48:10: INFO:     Started server process [1307828]
2025-10-19T12:48:10: INFO:     Waiting for application startup.
2025-10-19T12:48:10: INFO:     Application startup complete.
2025-10-19T12:48:10: INFO:     Uvicorn running on http://0.0.0.0:8000 (Press CTRL+C to quit)
2025-10-19T13:01:30: INFO:     Started server process [1310273]
2025-10-19T13:01:30: INFO:     Waiting for application startup.
2025-10-19T13:01:30: INFO:     Application startup complete.
2025-10-19T13:01:30: INFO:     Uvicorn running on http://0.0.0.0:8000 (Press CTRL+C to quit)
2025-10-19T13:01:43: INFO:     127.0.0.1:57928 - "GET /docs HTTP/1.1" 200 OK
2025-10-19T13:09:04: INFO:     Started server process [1311168]
2025-10-19T13:09:04: INFO:     Waiting for application startup.
2025-10-19T13:09:04: INFO:     Application startup complete.
2025-10-19T13:09:04: INFO:     Uvicorn running on http://0.0.0.0:8000 (Press CTRL+C to quit)
2025-10-19T13:22:03: INFO:     127.0.0.1:35948 - "GET /docs HTTP/1.1" 200 OK
2025-10-19T13:23:10: INFO:     Started server process [1314982]
2025-10-19T13:23:10: INFO:     Waiting for application startup.
2025-10-19T13:23:10: INFO:     Application startup complete.
2025-10-19T13:23:10: INFO:     Uvicorn running on http://0.0.0.0:8000 (Press CTRL+C to quit)
2025-10-19T13:23:14: INFO:     127.0.0.1:52202 - "GET /docs HTTP/1.1" 200 OK
2025-10-19T13:24:29: INFO:     Started server process [1315412]
2025-10-19T13:24:29: INFO:     Waiting for application startup.
2025-10-19T13:24:29: INFO:     Application startup complete.
2025-10-19T13:24:29: INFO:     Uvicorn running on http://0.0.0.0:8000 (Press CTRL+C to quit)
2025-10-19T13:24:36: INFO:     Started server process [1315523]
2025-10-19T13:24:36: INFO:     Waiting for application startup.
2025-10-19T13:24:36: INFO:     Application startup complete.
2025-10-19T13:24:36: INFO:     Uvicorn running on http://0.0.0.0:8000 (Press CTRL+C to quit)
2025-10-19T13:24:40: INFO:     127.0.0.1:45844 - "GET /docs HTTP/1.1" 200 OK
2025-10-19T13:24:57: INFO:     Started server process [1315768]
2025-10-19T13:24:57: INFO:     Waiting for application startup.
2025-10-19T13:24:57: INFO:     Application startup complete.
2025-10-19T13:24:57: INFO:     Uvicorn running on http://0.0.0.0:8000 (Press CTRL+C to quit)
2025-10-19T13:25:03: INFO:     Started server process [1315885]
2025-10-19T13:25:03: INFO:     Waiting for application startup.
2025-10-19T13:25:03: INFO:     Application startup complete.
2025-10-19T13:25:03: INFO:     Uvicorn running on http://0.0.0.0:8000 (Press CTRL+C to quit)
2025-10-19T13:25:07: INFO:     127.0.0.1:43320 - "GET /docs HTTP/1.1" 200 OK
2025-10-19T13:25:23: INFO:     Started server process [1316124]
2025-10-19T13:25:23: INFO:     Waiting for application startup.
2025-10-19T13:25:23: INFO:     Application startup complete.
2025-10-19T13:25:23: INFO:     Uvicorn running on http://0.0.0.0:8000 (Press CTRL+C to quit)
2025-10-19T13:25:41: INFO:     Started server process [1316280]
2025-10-19T13:25:41: INFO:     Waiting for application startup.
2025-10-19T13:25:41: INFO:     Application startup complete.
2025-10-19T13:25:41: INFO:     Uvicorn running on http://0.0.0.0:8000 (Press CTRL+C to quit)
2025-10-19T13:25:45: INFO:     127.0.0.1:54938 - "GET /docs HTTP/1.1" 200 OK
2025-10-19T13:26:05: INFO:     Started server process [1316487]
2025-10-19T13:26:05: INFO:     Waiting for application startup.
2025-10-19T13:26:05: INFO:     Application startup complete.
2025-10-19T13:26:05: INFO:     Uvicorn running on http://0.0.0.0:8000 (Press CTRL+C to quit)
2025-10-19T13:26:22: INFO:     Started server process [1316642]
2025-10-19T13:26:22: INFO:     Waiting for application startup.
2025-10-19T13:26:22: INFO:     Application startup complete.
2025-10-19T13:26:22: INFO:     Uvicorn running on http://0.0.0.0:8000 (Press CTRL+C to quit)
2025-10-19T13:26:26: INFO:     127.0.0.1:60706 - "GET /docs HTTP/1.1" 200 OK
2025-10-19T13:32:20: INFO:     Started server process [1317636]
2025-10-19T13:32:20: INFO:     Waiting for application startup.
2025-10-19T13:32:20: INFO:     Application startup complete.
2025-10-19T13:32:20: INFO:     Uvicorn running on http://0.0.0.0:8000 (Press CTRL+C to quit)
2025-10-19T13:42:15: INFO:     Shutting down
2025-10-19T13:42:15: INFO:     Waiting for application shutdown.
2025-10-19T13:42:15: INFO:     Application shutdown complete.
2025-10-19T13:42:15: INFO:     Finished server process [1317636]
2025-10-19T20:04:38: INFO:     Started server process [4872]
2025-10-19T20:04:38: INFO:     Waiting for application startup.
2025-10-19T20:04:38: INFO:     Application startup complete.
2025-10-19T20:04:38: INFO:     Uvicorn running on http://0.0.0.0:8000 (Press CTRL+C to quit)
2025-10-19T20:04:47: === DEBUG: Received HTML Content ===
2025-10-19T20:04:47: <h1>Test PDF</h1><p>This is a test SOW document with proper HTML formatting.</p>
2025-10-19T20:04:47: === Has table tag: False ===
2025-10-19T20:04:47: INFO:     127.0.0.1:42788 - "POST /generate-pdf HTTP/1.1" 200 OK
2025-10-19T20:14:08: === DEBUG: Received HTML Content ===
2025-10-19T20:14:08: <h1>Scope of Work: You4RealEstate - HubSpot Integration &amp; AI Solutions</h1><h2>Overview</h2><p>This scope of work details a proposed solution for Social Garden to support You4RealEstate with HubSpot integration, three targeted landing pages, an AI workflow, and a chatbot implementation to enhance lead generation and streamline customer interactions within a $4,000 budget.</p><h2>What does the scope include?</h2><p>• HubSpot account setup and basic configuration</p><p>• Integration with exist
2025-10-19T20:14:08: === Has table tag: True ===
2025-10-19T20:14:09: INFO:     127.0.0.1:35818 - "POST /generate-pdf HTTP/1.1" 200 OK
2025-10-19T20:22:38: INFO:     Shutting down
2025-10-19T20:22:38: INFO:     Waiting for application shutdown.
2025-10-19T20:22:38: INFO:     Application shutdown complete.
2025-10-19T20:22:38: INFO:     Finished server process [4872]
2025-10-19T20:22:39: INFO:     Started server process [8481]
2025-10-19T20:22:39: INFO:     Waiting for application startup.
2025-10-19T20:22:39: INFO:     Application startup complete.
2025-10-19T20:22:39: INFO:     Uvicorn running on http://0.0.0.0:8000 (Press CTRL+C to quit)
2025-10-19T21:10:13: INFO:     Shutting down
2025-10-19T21:10:13: INFO:     Waiting for application shutdown.
2025-10-19T21:10:13: INFO:     Application shutdown complete.
2025-10-19T21:10:13: INFO:     Finished server process [8481]
2025-10-19T21:10:15: INFO:     Started server process [13314]
2025-10-19T21:10:15: INFO:     Waiting for application startup.
2025-10-19T21:10:15: INFO:     Application startup complete.
2025-10-19T21:10:15: INFO:     Uvicorn running on http://0.0.0.0:8000 (Press CTRL+C to quit)
2025-10-19T21:10:18: INFO:     Shutting down
2025-10-19T21:10:18: INFO:     Waiting for application shutdown.
2025-10-19T21:10:18: INFO:     Application shutdown complete.
2025-10-19T21:10:18: INFO:     Finished server process [13314]
2025-10-19T21:10:19: INFO:     Started server process [13377]
2025-10-19T21:10:19: INFO:     Waiting for application startup.
2025-10-19T21:10:19: INFO:     Application startup complete.
2025-10-19T21:10:19: INFO:     Uvicorn running on http://0.0.0.0:8000 (Press CTRL+C to quit)
2025-10-19T21:10:26: INFO:     127.0.0.1:51026 - "POST /create-sheet HTTP/1.1" 400 Bad Request
2025-10-19T21:10:35: INFO:     127.0.0.1:41126 - "GET / HTTP/1.1" 404 Not Found
2025-10-19T21:10:36: INFO:     127.0.0.1:41126 - "GET /favicon.ico HTTP/1.1" 404 Not Found
2025-10-19T21:10:57: INFO:     Shutting down
2025-10-19T21:10:57: INFO:     Waiting for application shutdown.
2025-10-19T21:10:57: INFO:     Application shutdown complete.
2025-10-19T21:10:57: INFO:     Finished server process [13377]
2025-10-19T21:10:59: INFO:     Started server process [13543]
2025-10-19T21:10:59: INFO:     Waiting for application startup.
2025-10-19T21:10:59: INFO:     Application startup complete.
2025-10-19T21:10:59: INFO:     Uvicorn running on http://0.0.0.0:8000 (Press CTRL+C to quit)
2025-10-19T21:12:20: Sheet creation failed: Google Sheets API error: <HttpError 403 when requesting https://sheets.googleapis.com/v4/spreadsheets?alt=json returned "The caller does not have permission". Details: "The caller does not have permission">
2025-10-19T21:12:20: Traceback (most recent call last):
2025-10-19T21:12:20:   File "/root/the11/backend/services/google_sheets_generator.py", line 63, in create_sow_sheet
2025-10-19T21:12:20:     sheet_id = self._create_spreadsheet(client_name, service_name)
2025-10-19T21:12:20:                ^^^^^^^^^^^^^^^^^^^^^^^^^^^^^^^^^^^^^^^^^^^^^^^^^^^
2025-10-19T21:12:20:   File "/root/the11/backend/services/google_sheets_generator.py", line 126, in _create_spreadsheet
2025-10-19T21:12:20:     response = request.execute()
2025-10-19T21:12:20:                ^^^^^^^^^^^^^^^^^
2025-10-19T21:12:20:   File "/root/the11/backend/venv/lib/python3.12/site-packages/googleapiclient/_helpers.py", line 130, in positional_wrapper
2025-10-19T21:12:20:     return wrapped(*args, **kwargs)
2025-10-19T21:12:20:            ^^^^^^^^^^^^^^^^^^^^^^^^
2025-10-19T21:12:20:   File "/root/the11/backend/venv/lib/python3.12/site-packages/googleapiclient/http.py", line 938, in execute
2025-10-19T21:12:20:     raise HttpError(resp, content, uri=self.uri)
2025-10-19T21:12:20: googleapiclient.errors.HttpError: <HttpError 403 when requesting https://sheets.googleapis.com/v4/spreadsheets?alt=json returned "The caller does not have permission". Details: "The caller does not have permission">
2025-10-19T21:12:20: 
2025-10-19T21:12:20: During handling of the above exception, another exception occurred:
2025-10-19T21:12:20: 
2025-10-19T21:12:20: Traceback (most recent call last):
2025-10-19T21:12:20:   File "/root/the11/backend/main.py", line 418, in create_sheet
2025-10-19T21:12:20:     result = create_sow_sheet(request.client_name, request.service_name, sow_data)
2025-10-19T21:12:20:              ^^^^^^^^^^^^^^^^^^^^^^^^^^^^^^^^^^^^^^^^^^^^^^^^^^^^^^^^^^^^^^^^^^^^^
2025-10-19T21:12:20:   File "/root/the11/backend/services/google_sheets_generator.py", line 391, in create_sow_sheet
2025-10-19T21:12:20:     return generator.create_sow_sheet(client_name, service_name, sow_data)
2025-10-19T21:12:20:            ^^^^^^^^^^^^^^^^^^^^^^^^^^^^^^^^^^^^^^^^^^^^^^^^^^^^^^^^^^^^^^^
2025-10-19T21:12:20:   File "/root/the11/backend/services/google_sheets_generator.py", line 109, in create_sow_sheet
2025-10-19T21:12:20:     raise Exception(f"Google Sheets API error: {str(e)}")
2025-10-19T21:12:20: Exception: Google Sheets API error: <HttpError 403 when requesting https://sheets.googleapis.com/v4/spreadsheets?alt=json returned "The caller does not have permission". Details: "The caller does not have permission">
2025-10-19T21:12:20: 
2025-10-19T21:12:20: INFO:     127.0.0.1:55772 - "POST /create-sheet HTTP/1.1" 500 Internal Server Error
2025-10-19T21:12:36: INFO:     Shutting down
2025-10-19T21:12:36: INFO:     Waiting for application shutdown.
2025-10-19T21:12:36: INFO:     Application shutdown complete.
2025-10-19T21:12:36: INFO:     Finished server process [13543]
2025-10-19T21:12:37: INFO:     Started server process [13760]
2025-10-19T21:12:37: INFO:     Waiting for application startup.
2025-10-19T21:12:37: INFO:     Application startup complete.
2025-10-19T21:12:37: INFO:     Uvicorn running on http://0.0.0.0:8000 (Press CTRL+C to quit)
2025-10-19T21:29:09: INFO:     Shutting down
2025-10-19T21:29:09: INFO:     Waiting for application shutdown.
2025-10-19T21:29:09: INFO:     Application shutdown complete.
2025-10-19T21:29:09: INFO:     Finished server process [13760]
2025-10-19T21:29:11: INFO:     Started server process [14751]
2025-10-19T21:29:11: INFO:     Waiting for application startup.
2025-10-19T21:29:11: INFO:     Application startup complete.
2025-10-19T21:29:11: INFO:     Uvicorn running on http://0.0.0.0:8000 (Press CTRL+C to quit)
2025-10-19T21:29:21: DEBUG: Parsing service account JSON (length: 2334)
2025-10-19T21:29:21: DEBUG: Service account parsed. Project ID: socialgarden-sow
2025-10-19T21:29:21: DEBUG: Service account email: socialgarden-sheets@socialgarden-sow.iam.gserviceaccount.com
2025-10-19T21:29:21: DEBUG: Credentials created successfully
2025-10-19T21:29:21: DEBUG: Service clients built successfully
2025-10-19T21:29:21: DEBUG: Auto-share email: ahmad.basheer@socialgarden.com.au
2025-10-19T21:29:23: ERROR: Google Sheets API 403 Permission Denied
2025-10-19T21:29:23: The service account needs:
2025-10-19T21:29:23: 1. Google Sheets API enabled in the Google Cloud project
2025-10-19T21:29:23: 2. Editor role on the project or specific permissions granted
2025-10-19T21:29:23: Service account email: socialgarden-sheets@socialgarden-sow.iam.gserviceaccount.com
2025-10-19T21:29:23: Sheet creation failed: Google Sheets API permission denied. Please ensure the Google Sheets API is enabled and the service account has the required permissions. Service account: socialgarden-sheets@socialgarden-sow.iam.gserviceaccount.com
2025-10-19T21:29:23: Traceback (most recent call last):
2025-10-19T21:29:23:   File "/root/the11/backend/services/google_sheets_generator.py", line 73, in create_sow_sheet
2025-10-19T21:29:23:     sheet_id = self._create_spreadsheet(client_name, service_name)
2025-10-19T21:29:23:                ^^^^^^^^^^^^^^^^^^^^^^^^^^^^^^^^^^^^^^^^^^^^^^^^^^^
2025-10-19T21:29:23:   File "/root/the11/backend/services/google_sheets_generator.py", line 148, in _create_spreadsheet
2025-10-19T21:29:23:     response = request.execute()
2025-10-19T21:29:23:                ^^^^^^^^^^^^^^^^^
2025-10-19T21:29:23:   File "/root/the11/backend/venv/lib/python3.12/site-packages/googleapiclient/_helpers.py", line 130, in positional_wrapper
2025-10-19T21:29:23:     return wrapped(*args, **kwargs)
2025-10-19T21:29:23:            ^^^^^^^^^^^^^^^^^^^^^^^^
2025-10-19T21:29:23:   File "/root/the11/backend/venv/lib/python3.12/site-packages/googleapiclient/http.py", line 938, in execute
2025-10-19T21:29:23:     raise HttpError(resp, content, uri=self.uri)
2025-10-19T21:29:23: googleapiclient.errors.HttpError: <HttpError 403 when requesting https://sheets.googleapis.com/v4/spreadsheets?alt=json returned "The caller does not have permission". Details: "The caller does not have permission">
2025-10-19T21:29:23: 
2025-10-19T21:29:23: During handling of the above exception, another exception occurred:
2025-10-19T21:29:23: 
2025-10-19T21:29:23: Traceback (most recent call last):
2025-10-19T21:29:23:   File "/root/the11/backend/main.py", line 418, in create_sheet
2025-10-19T21:29:23:     result = create_sow_sheet(request.client_name, request.service_name, sow_data)
2025-10-19T21:29:23:              ^^^^^^^^^^^^^^^^^^^^^^^^^^^^^^^^^^^^^^^^^^^^^^^^^^^^^^^^^^^^^^^^^^^^^
2025-10-19T21:29:23:   File "/root/the11/backend/services/google_sheets_generator.py", line 413, in create_sow_sheet
2025-10-19T21:29:23:     return generator.create_sow_sheet(client_name, service_name, sow_data)
2025-10-19T21:29:23:            ^^^^^^^^^^^^^^^^^^^^^^^^^^^^^^^^^^^^^^^^^^^^^^^^^^^^^^^^^^^^^^^
2025-10-19T21:29:23:   File "/root/the11/backend/services/google_sheets_generator.py", line 126, in create_sow_sheet
2025-10-19T21:29:23:     raise Exception(
2025-10-19T21:29:23: Exception: Google Sheets API permission denied. Please ensure the Google Sheets API is enabled and the service account has the required permissions. Service account: socialgarden-sheets@socialgarden-sow.iam.gserviceaccount.com
2025-10-19T21:29:23: 
2025-10-19T21:29:23: INFO:     127.0.0.1:51410 - "POST /create-sheet HTTP/1.1" 500 Internal Server Error
2025-10-19T21:29:52: DEBUG: Parsing service account JSON (length: 2334)
2025-10-19T21:29:52: DEBUG: Service account parsed. Project ID: socialgarden-sow
2025-10-19T21:29:52: DEBUG: Service account email: socialgarden-sheets@socialgarden-sow.iam.gserviceaccount.com
2025-10-19T21:29:52: DEBUG: Credentials created successfully
2025-10-19T21:29:52: DEBUG: Service clients built successfully
2025-10-19T21:29:52: 
2025-10-19T21:29:52: DEBUG: Auto-share email: ahmad.basheer@socialgarden.com.au
2025-10-19T21:29:52: 
2025-10-19T21:29:53: ERROR: Google Sheets API 403 Permission Denied
2025-10-19T21:29:53: The service account needs:
2025-10-19T21:29:53: 1. Google Sheets API enabled in the Google Cloud project
2025-10-19T21:29:53: 2. Editor role on the project or specific permissions granted
2025-10-19T21:29:53: Service account email: socialgarden-sheets@socialgarden-sow.iam.gserviceaccount.com
2025-10-19T21:29:53: Sheet creation failed: Google Sheets API permission denied. Please ensure the Google Sheets API is enabled and the service account has the required permissions. Service account: socialgarden-sheets@socialgarden-sow.iam.gserviceaccount.com
2025-10-19T21:29:53: Traceback (most recent call last):
2025-10-19T21:29:53:   File "/root/the11/backend/services/google_sheets_generator.py", line 73, in create_sow_sheet
2025-10-19T21:29:53:     sheet_id = self._create_spreadsheet(client_name, service_name)
2025-10-19T21:29:53:                ^^^^^^^^^^^^^^^^^^^^^^^^^^^^^^^^^^^^^^^^^^^^^^^^^^^
2025-10-19T21:29:53:   File "/root/the11/backend/services/google_sheets_generator.py", line 148, in _create_spreadsheet
2025-10-19T21:29:53:     response = request.execute()
2025-10-19T21:29:53:                ^^^^^^^^^^^^^^^^^
2025-10-19T21:29:53:   File "/root/the11/backend/venv/lib/python3.12/site-packages/googleapiclient/_helpers.py", line 130, in positional_wrapper
2025-10-19T21:29:53:     return wrapped(*args, **kwargs)
2025-10-19T21:29:53:            ^^^^^^^^^^^^^^^^^^^^^^^^
2025-10-19T21:29:53:   File "/root/the11/backend/venv/lib/python3.12/site-packages/googleapiclient/http.py", line 938, in execute
2025-10-19T21:29:53:     raise HttpError(resp, content, uri=self.uri)
2025-10-19T21:29:53: googleapiclient.errors.HttpError: <HttpError 403 when requesting https://sheets.googleapis.com/v4/spreadsheets?alt=json returned "The caller does not have permission". Details: "The caller does not have permission">
2025-10-19T21:29:53: 
2025-10-19T21:29:53: During handling of the above exception, another exception occurred:
2025-10-19T21:29:53: 
2025-10-19T21:29:53: Traceback (most recent call last):
2025-10-19T21:29:53:   File "/root/the11/backend/main.py", line 418, in create_sheet
2025-10-19T21:29:53:     result = create_sow_sheet(request.client_name, request.service_name, sow_data)
2025-10-19T21:29:53:              ^^^^^^^^^^^^^^^^^^^^^^^^^^^^^^^^^^^^^^^^^^^^^^^^^^^^^^^^^^^^^^^^^^^^^
2025-10-19T21:29:53:   File "/root/the11/backend/services/google_sheets_generator.py", line 413, in create_sow_sheet
2025-10-19T21:29:53:     return generator.create_sow_sheet(client_name, service_name, sow_data)
2025-10-19T21:29:53:            ^^^^^^^^^^^^^^^^^^^^^^^^^^^^^^^^^^^^^^^^^^^^^^^^^^^^^^^^^^^^^^^
2025-10-19T21:29:53:   File "/root/the11/backend/services/google_sheets_generator.py", line 126, in create_sow_sheet
2025-10-19T21:29:53:     raise Exception(
2025-10-19T21:29:53: Exception: Google Sheets API permission denied. Please ensure the Google Sheets API is enabled and the service account has the required permissions. Service account: socialgarden-sheets@socialgarden-sow.iam.gserviceaccount.com
2025-10-19T21:29:53: 
2025-10-19T21:29:53: INFO:     127.0.0.1:38310 - "POST /create-sheet HTTP/1.1" 500 Internal Server Error
2025-10-19T21:45:07: INFO:     Shutting down
2025-10-19T21:45:07: INFO:     Waiting for application shutdown.
2025-10-19T21:45:07: INFO:     Application shutdown complete.
2025-10-19T21:45:07: INFO:     Finished server process [14751]
2025-10-19T21:45:09: INFO:     Started server process [15770]
2025-10-19T21:45:09: INFO:     Waiting for application startup.
2025-10-19T21:45:09: INFO:     Application startup complete.
2025-10-19T21:45:09: INFO:     Uvicorn running on http://0.0.0.0:8000 (Press CTRL+C to quit)
2025-10-19T21:45:18: DEBUG: Parsing service account JSON (length: 2334)
2025-10-19T21:45:18: DEBUG: Service account parsed. Project ID: socialgarden-sow
2025-10-19T21:45:18: DEBUG: Service account email: socialgarden-sheets@socialgarden-sow.iam.gserviceaccount.com
2025-10-19T21:45:18: DEBUG: Credentials created successfully
2025-10-19T21:45:18: DEBUG: Service clients built successfully
2025-10-19T21:45:18: DEBUG: Auto-share email: ahmad.basheer@socialgarden.com.au
2025-10-19T21:45:19: ERROR: Google Sheets API 403 Permission Denied
2025-10-19T21:45:19: The service account needs:
2025-10-19T21:45:19: 1. Google Sheets API enabled in the Google Cloud project
2025-10-19T21:45:19: 2. Editor role on the project or specific permissions granted
2025-10-19T21:45:19: Service account email: socialgarden-sheets@socialgarden-sow.iam.gserviceaccount.com
2025-10-19T21:45:19: Sheet creation failed: Google Sheets API permission denied. Please ensure the Google Sheets API is enabled and the service account has the required permissions. Service account: socialgarden-sheets@socialgarden-sow.iam.gserviceaccount.com
2025-10-19T21:45:19: Traceback (most recent call last):
2025-10-19T21:45:19:   File "/root/the11/backend/services/google_sheets_generator.py", line 73, in create_sow_sheet
2025-10-19T21:45:19:     sheet_id = self._create_spreadsheet(client_name, service_name)
2025-10-19T21:45:19:                ^^^^^^^^^^^^^^^^^^^^^^^^^^^^^^^^^^^^^^^^^^^^^^^^^^^
2025-10-19T21:45:19:   File "/root/the11/backend/services/google_sheets_generator.py", line 148, in _create_spreadsheet
2025-10-19T21:45:19:     response = request.execute()
2025-10-19T21:45:19:                ^^^^^^^^^^^^^^^^^
2025-10-19T21:45:19:   File "/root/the11/backend/venv/lib/python3.12/site-packages/googleapiclient/_helpers.py", line 130, in positional_wrapper
2025-10-19T21:45:19:     return wrapped(*args, **kwargs)
2025-10-19T21:45:19:            ^^^^^^^^^^^^^^^^^^^^^^^^
2025-10-19T21:45:19:   File "/root/the11/backend/venv/lib/python3.12/site-packages/googleapiclient/http.py", line 938, in execute
2025-10-19T21:45:19:     raise HttpError(resp, content, uri=self.uri)
2025-10-19T21:45:19: googleapiclient.errors.HttpError: <HttpError 403 when requesting https://sheets.googleapis.com/v4/spreadsheets?alt=json returned "The caller does not have permission". Details: "The caller does not have permission">
2025-10-19T21:45:19: 
2025-10-19T21:45:19: During handling of the above exception, another exception occurred:
2025-10-19T21:45:19: 
2025-10-19T21:45:19: Traceback (most recent call last):
2025-10-19T21:45:19:   File "/root/the11/backend/main.py", line 418, in create_sheet
2025-10-19T21:45:19:     result = create_sow_sheet(request.client_name, request.service_name, sow_data)
2025-10-19T21:45:19:              ^^^^^^^^^^^^^^^^^^^^^^^^^^^^^^^^^^^^^^^^^^^^^^^^^^^^^^^^^^^^^^^^^^^^^
2025-10-19T21:45:19:   File "/root/the11/backend/services/google_sheets_generator.py", line 438, in create_sow_sheet
2025-10-19T21:45:19:     return generator.create_sow_sheet(client_name, service_name, sow_data)
2025-10-19T21:45:19:            ^^^^^^^^^^^^^^^^^^^^^^^^^^^^^^^^^^^^^^^^^^^^^^^^^^^^^^^^^^^^^^^
2025-10-19T21:45:19:   File "/root/the11/backend/services/google_sheets_generator.py", line 126, in create_sow_sheet
2025-10-19T21:45:19:     raise Exception(
2025-10-19T21:45:19: Exception: Google Sheets API permission denied. Please ensure the Google Sheets API is enabled and the service account has the required permissions. Service account: socialgarden-sheets@socialgarden-sow.iam.gserviceaccount.com
2025-10-19T21:45:19: 
2025-10-19T21:45:19: INFO:     127.0.0.1:41256 - "POST /create-sheet HTTP/1.1" 500 Internal Server Error
2025-10-19T21:50:36: DEBUG: Parsing service account JSON (length: 2334)
2025-10-19T21:50:36: DEBUG: Service account parsed. Project ID: socialgarden-sow
2025-10-19T21:50:36: DEBUG: Service account email: socialgarden-sheets@socialgarden-sow.iam.gserviceaccount.com
2025-10-19T21:50:36: DEBUG: Credentials created successfully
2025-10-19T21:50:36: DEBUG: Service clients built successfully
2025-10-19T21:50:36: 
2025-10-19T21:50:36: DEBUG: Auto-share email: ahmad.basheer@socialgarden.com.au
2025-10-19T21:50:36: 
2025-10-19T21:50:37: ERROR: Google Sheets API 403 Permission Denied
2025-10-19T21:50:37: The service account needs:
2025-10-19T21:50:37: 1. Google Sheets API enabled in the Google Cloud project
2025-10-19T21:50:37: 2. Editor role on the project or specific permissions granted
2025-10-19T21:50:37: Service account email: socialgarden-sheets@socialgarden-sow.iam.gserviceaccount.com
2025-10-19T21:50:37: Sheet creation failed: Google Sheets API permission denied. Please ensure the Google Sheets API is enabled and the service account has the required permissions. Service account: socialgarden-sheets@socialgarden-sow.iam.gserviceaccount.com
2025-10-19T21:50:37: Traceback (most recent call last):
2025-10-19T21:50:37:   File "/root/the11/backend/services/google_sheets_generator.py", line 73, in create_sow_sheet
2025-10-19T21:50:37:     sheet_id = self._create_spreadsheet(client_name, service_name)
2025-10-19T21:50:37:                ^^^^^^^^^^^^^^^^^^^^^^^^^^^^^^^^^^^^^^^^^^^^^^^^^^^
2025-10-19T21:50:37:   File "/root/the11/backend/services/google_sheets_generator.py", line 148, in _create_spreadsheet
2025-10-19T21:50:37:     response = request.execute()
2025-10-19T21:50:37:                ^^^^^^^^^^^^^^^^^
2025-10-19T21:50:37:   File "/root/the11/backend/venv/lib/python3.12/site-packages/googleapiclient/_helpers.py", line 130, in positional_wrapper
2025-10-19T21:50:37:     return wrapped(*args, **kwargs)
2025-10-19T21:50:37:            ^^^^^^^^^^^^^^^^^^^^^^^^
2025-10-19T21:50:37:   File "/root/the11/backend/venv/lib/python3.12/site-packages/googleapiclient/http.py", line 938, in execute
2025-10-19T21:50:37:     raise HttpError(resp, content, uri=self.uri)
2025-10-19T21:50:37: googleapiclient.errors.HttpError: <HttpError 403 when requesting https://sheets.googleapis.com/v4/spreadsheets?alt=json returned "The caller does not have permission". Details: "The caller does not have permission">
2025-10-19T21:50:37: 
2025-10-19T21:50:37: During handling of the above exception, another exception occurred:
2025-10-19T21:50:37: 
2025-10-19T21:50:37: Traceback (most recent call last):
2025-10-19T21:50:37:   File "/root/the11/backend/main.py", line 418, in create_sheet
2025-10-19T21:50:37:     result = create_sow_sheet(request.client_name, request.service_name, sow_data)
2025-10-19T21:50:37:              ^^^^^^^^^^^^^^^^^^^^^^^^^^^^^^^^^^^^^^^^^^^^^^^^^^^^^^^^^^^^^^^^^^^^^
2025-10-19T21:50:37:   File "/root/the11/backend/services/google_sheets_generator.py", line 438, in create_sow_sheet
2025-10-19T21:50:37:     return generator.create_sow_sheet(client_name, service_name, sow_data)
2025-10-19T21:50:37:            ^^^^^^^^^^^^^^^^^^^^^^^^^^^^^^^^^^^^^^^^^^^^^^^^^^^^^^^^^^^^^^^
2025-10-19T21:50:37:   File "/root/the11/backend/services/google_sheets_generator.py", line 126, in create_sow_sheet
2025-10-19T21:50:37:     raise Exception(
2025-10-19T21:50:37: Exception: Google Sheets API permission denied. Please ensure the Google Sheets API is enabled and the service account has the required permissions. Service account: socialgarden-sheets@socialgarden-sow.iam.gserviceaccount.com
2025-10-19T21:50:37: 
2025-10-19T21:50:37: INFO:     127.0.0.1:56656 - "POST /create-sheet HTTP/1.1" 500 Internal Server Error
2025-10-19T21:52:24: DEBUG: Parsing service account JSON (length: 2334)
2025-10-19T21:52:24: DEBUG: Service account parsed. Project ID: socialgarden-sow
2025-10-19T21:52:24: DEBUG: Service account email: socialgarden-sheets@socialgarden-sow.iam.gserviceaccount.com
2025-10-19T21:52:24: DEBUG: Credentials created successfully
2025-10-19T21:52:24: DEBUG: Service clients built successfully
2025-10-19T21:52:24: 
2025-10-19T21:52:24: DEBUG: Auto-share email: ahmad.basheer@socialgarden.com.au
2025-10-19T21:52:24: 
2025-10-19T21:52:25: ERROR: Google Sheets API 403 Permission Denied
2025-10-19T21:52:25: The service account needs:
2025-10-19T21:52:25: 1. Google Sheets API enabled in the Google Cloud project
2025-10-19T21:52:25: 2. Editor role on the project or specific permissions granted
2025-10-19T21:52:25: Service account email: socialgarden-sheets@socialgarden-sow.iam.gserviceaccount.com
2025-10-19T21:52:25: Sheet creation failed: Google Sheets API permission denied. Please ensure the Google Sheets API is enabled and the service account has the required permissions. Service account: socialgarden-sheets@socialgarden-sow.iam.gserviceaccount.com
2025-10-19T21:52:25: Traceback (most recent call last):
2025-10-19T21:52:25:   File "/root/the11/backend/services/google_sheets_generator.py", line 73, in create_sow_sheet
2025-10-19T21:52:25:     sheet_id = self._create_spreadsheet(client_name, service_name)
2025-10-19T21:52:25:                ^^^^^^^^^^^^^^^^^^^^^^^^^^^^^^^^^^^^^^^^^^^^^^^^^^^
2025-10-19T21:52:25:   File "/root/the11/backend/services/google_sheets_generator.py", line 148, in _create_spreadsheet
2025-10-19T21:52:25:     response = request.execute()
2025-10-19T21:52:25:                ^^^^^^^^^^^^^^^^^
2025-10-19T21:52:25:   File "/root/the11/backend/venv/lib/python3.12/site-packages/googleapiclient/_helpers.py", line 130, in positional_wrapper
2025-10-19T21:52:25:     return wrapped(*args, **kwargs)
2025-10-19T21:52:25:            ^^^^^^^^^^^^^^^^^^^^^^^^
2025-10-19T21:52:25:   File "/root/the11/backend/venv/lib/python3.12/site-packages/googleapiclient/http.py", line 938, in execute
2025-10-19T21:52:25:     raise HttpError(resp, content, uri=self.uri)
2025-10-19T21:52:25: googleapiclient.errors.HttpError: <HttpError 403 when requesting https://sheets.googleapis.com/v4/spreadsheets?alt=json returned "The caller does not have permission". Details: "The caller does not have permission">
2025-10-19T21:52:25: 
2025-10-19T21:52:25: During handling of the above exception, another exception occurred:
2025-10-19T21:52:25: 
2025-10-19T21:52:25: Traceback (most recent call last):
2025-10-19T21:52:25:   File "/root/the11/backend/main.py", line 418, in create_sheet
2025-10-19T21:52:25:     result = create_sow_sheet(request.client_name, request.service_name, sow_data)
2025-10-19T21:52:25:              ^^^^^^^^^^^^^^^^^^^^^^^^^^^^^^^^^^^^^^^^^^^^^^^^^^^^^^^^^^^^^^^^^^^^^
2025-10-19T21:52:25:   File "/root/the11/backend/services/google_sheets_generator.py", line 438, in create_sow_sheet
2025-10-19T21:52:25:     return generator.create_sow_sheet(client_name, service_name, sow_data)
2025-10-19T21:52:25:            ^^^^^^^^^^^^^^^^^^^^^^^^^^^^^^^^^^^^^^^^^^^^^^^^^^^^^^^^^^^^^^^
2025-10-19T21:52:25:   File "/root/the11/backend/services/google_sheets_generator.py", line 126, in create_sow_sheet
2025-10-19T21:52:25:     raise Exception(
2025-10-19T21:52:25: Exception: Google Sheets API permission denied. Please ensure the Google Sheets API is enabled and the service account has the required permissions. Service account: socialgarden-sheets@socialgarden-sow.iam.gserviceaccount.com
2025-10-19T21:52:25: 
2025-10-19T21:52:25: INFO:     127.0.0.1:58544 - "POST /create-sheet HTTP/1.1" 500 Internal Server Error
2025-10-19T21:52:56: INFO:     Shutting down
2025-10-19T21:52:56: INFO:     Waiting for application shutdown.
2025-10-19T21:52:56: INFO:     Application shutdown complete.
2025-10-19T21:52:56: INFO:     Finished server process [15770]
2025-10-19T21:52:57: INFO:     Started server process [16426]
2025-10-19T21:52:57: INFO:     Waiting for application startup.
2025-10-19T21:52:57: INFO:     Application startup complete.
2025-10-19T21:52:57: INFO:     Uvicorn running on http://0.0.0.0:8000 (Press CTRL+C to quit)
2025-10-19T21:52:59: DEBUG: Parsing service account JSON (length: 2334)
2025-10-19T21:52:59: DEBUG: Service account parsed. Project ID: socialgarden-sow
2025-10-19T21:52:59: DEBUG: Service account email: socialgarden-sheets@socialgarden-sow.iam.gserviceaccount.com
2025-10-19T21:52:59: DEBUG: Credentials created successfully
2025-10-19T21:52:59: DEBUG: Service clients built successfully
2025-10-19T21:52:59: DEBUG: Auto-share email: ahmad.basheer@socialgarden.com.au
2025-10-19T21:53:00: ERROR: Google Sheets API 403 Permission Denied
2025-10-19T21:53:00: Full error: <HttpError 403 when requesting https://sheets.googleapis.com/v4/spreadsheets?alt=json returned "The caller does not have permission". Details: "The caller does not have permission">
2025-10-19T21:53:00: The service account needs:
2025-10-19T21:53:00: 1. Google Sheets API enabled in the Google Cloud project
2025-10-19T21:53:00: 2. Editor role on the project
2025-10-19T21:53:00: 3. Service Account User role (in IAM)
2025-10-19T21:53:00: Service account email: socialgarden-sheets@socialgarden-sow.iam.gserviceaccount.com
2025-10-19T21:53:00: Sheet creation failed: Google Sheets API 403 Permission Denied. Error: <HttpError 403 when requesting https://sheets.googleapis.com/v4/spreadsheets?alt=json returned "The caller does not have permission". Details: "The caller does not have permission">
2025-10-19T21:53:00: Traceback (most recent call last):
2025-10-19T21:53:00:   File "/root/the11/backend/services/google_sheets_generator.py", line 74, in create_sow_sheet
2025-10-19T21:53:00:     sheet_id = self._create_spreadsheet(client_name, service_name)
2025-10-19T21:53:00:                ^^^^^^^^^^^^^^^^^^^^^^^^^^^^^^^^^^^^^^^^^^^^^^^^^^^
2025-10-19T21:53:00:   File "/root/the11/backend/services/google_sheets_generator.py", line 149, in _create_spreadsheet
2025-10-19T21:53:00:     response = request.execute()
2025-10-19T21:53:00:                ^^^^^^^^^^^^^^^^^
2025-10-19T21:53:00:   File "/root/the11/backend/venv/lib/python3.12/site-packages/googleapiclient/_helpers.py", line 130, in positional_wrapper
2025-10-19T21:53:00:     return wrapped(*args, **kwargs)
2025-10-19T21:53:00:            ^^^^^^^^^^^^^^^^^^^^^^^^
2025-10-19T21:53:00:   File "/root/the11/backend/venv/lib/python3.12/site-packages/googleapiclient/http.py", line 938, in execute
2025-10-19T21:53:00:     raise HttpError(resp, content, uri=self.uri)
2025-10-19T21:53:00: googleapiclient.errors.HttpError: <HttpError 403 when requesting https://sheets.googleapis.com/v4/spreadsheets?alt=json returned "The caller does not have permission". Details: "The caller does not have permission">
2025-10-19T21:53:00: 
2025-10-19T21:53:00: During handling of the above exception, another exception occurred:
2025-10-19T21:53:00: 
2025-10-19T21:53:00: Traceback (most recent call last):
2025-10-19T21:53:00:   File "/root/the11/backend/main.py", line 418, in create_sheet
2025-10-19T21:53:00:     result = create_sow_sheet(request.client_name, request.service_name, sow_data)
2025-10-19T21:53:00:              ^^^^^^^^^^^^^^^^^^^^^^^^^^^^^^^^^^^^^^^^^^^^^^^^^^^^^^^^^^^^^^^^^^^^^
2025-10-19T21:53:00:   File "/root/the11/backend/services/google_sheets_generator.py", line 439, in create_sow_sheet
2025-10-19T21:53:00:     return generator.create_sow_sheet(client_name, service_name, sow_data)
2025-10-19T21:53:00:            ^^^^^^^^^^^^^^^^^^^^^^^^^^^^^^^^^^^^^^^^^^^^^^^^^^^^^^^^^^^^^^^
2025-10-19T21:53:00:   File "/root/the11/backend/services/google_sheets_generator.py", line 129, in create_sow_sheet
2025-10-19T21:53:00:     raise Exception(
2025-10-19T21:53:00: Exception: Google Sheets API 403 Permission Denied. Error: <HttpError 403 when requesting https://sheets.googleapis.com/v4/spreadsheets?alt=json returned "The caller does not have permission". Details: "The caller does not have permission">
2025-10-19T21:53:00: 
2025-10-19T21:53:00: INFO:     127.0.0.1:39612 - "POST /create-sheet HTTP/1.1" 500 Internal Server Error
2025-10-19T22:12:04: DEBUG: Parsing service account JSON (length: 2334)
2025-10-19T22:12:04: DEBUG: Service account parsed. Project ID: socialgarden-sow
2025-10-19T22:12:04: DEBUG: Service account email: socialgarden-sheets@socialgarden-sow.iam.gserviceaccount.com
2025-10-19T22:12:04: DEBUG: Credentials created successfully
2025-10-19T22:12:04: DEBUG: Service clients built successfully
2025-10-19T22:12:04: 
2025-10-19T22:12:04: DEBUG: Auto-share email: ahmad.basheer@socialgarden.com.au
2025-10-19T22:12:04: 
2025-10-19T22:12:05: ERROR: Google Sheets API 403 Permission Denied
2025-10-19T22:12:05: Full error: <HttpError 403 when requesting https://sheets.googleapis.com/v4/spreadsheets?alt=json returned "The caller does not have permission". Details: "The caller does not have permission">
2025-10-19T22:12:05: The service account needs:
2025-10-19T22:12:05: 1. Google Sheets API enabled in the Google Cloud project
2025-10-19T22:12:05: 2. Editor role on the project
2025-10-19T22:12:05: 3. Service Account User role (in IAM)
2025-10-19T22:12:05: Service account email: socialgarden-sheets@socialgarden-sow.iam.gserviceaccount.com
2025-10-19T22:12:05: Sheet creation failed: Google Sheets API 403 Permission Denied. Error: <HttpError 403 when requesting https://sheets.googleapis.com/v4/spreadsheets?alt=json returned "The caller does not have permission". Details: "The caller does not have permission">
2025-10-19T22:12:05: Traceback (most recent call last):
2025-10-19T22:12:05:   File "/root/the11/backend/services/google_sheets_generator.py", line 74, in create_sow_sheet
2025-10-19T22:12:05:     sheet_id = self._create_spreadsheet(client_name, service_name)
2025-10-19T22:12:05:                ^^^^^^^^^^^^^^^^^^^^^^^^^^^^^^^^^^^^^^^^^^^^^^^^^^^
2025-10-19T22:12:05:   File "/root/the11/backend/services/google_sheets_generator.py", line 149, in _create_spreadsheet
2025-10-19T22:12:05:     response = request.execute()
2025-10-19T22:12:05:                ^^^^^^^^^^^^^^^^^
2025-10-19T22:12:05:   File "/root/the11/backend/venv/lib/python3.12/site-packages/googleapiclient/_helpers.py", line 130, in positional_wrapper
2025-10-19T22:12:05:     return wrapped(*args, **kwargs)
2025-10-19T22:12:05:            ^^^^^^^^^^^^^^^^^^^^^^^^
2025-10-19T22:12:05:   File "/root/the11/backend/venv/lib/python3.12/site-packages/googleapiclient/http.py", line 938, in execute
2025-10-19T22:12:05:     raise HttpError(resp, content, uri=self.uri)
2025-10-19T22:12:05: googleapiclient.errors.HttpError: <HttpError 403 when requesting https://sheets.googleapis.com/v4/spreadsheets?alt=json returned "The caller does not have permission". Details: "The caller does not have permission">
2025-10-19T22:12:05: 
2025-10-19T22:12:05: During handling of the above exception, another exception occurred:
2025-10-19T22:12:05: 
2025-10-19T22:12:05: Traceback (most recent call last):
2025-10-19T22:12:05:   File "/root/the11/backend/main.py", line 418, in create_sheet
2025-10-19T22:12:05:     result = create_sow_sheet(request.client_name, request.service_name, sow_data)
2025-10-19T22:12:05:              ^^^^^^^^^^^^^^^^^^^^^^^^^^^^^^^^^^^^^^^^^^^^^^^^^^^^^^^^^^^^^^^^^^^^^
2025-10-19T22:12:05:   File "/root/the11/backend/services/google_sheets_generator.py", line 439, in create_sow_sheet
2025-10-19T22:12:05:     return generator.create_sow_sheet(client_name, service_name, sow_data)
2025-10-19T22:12:05:            ^^^^^^^^^^^^^^^^^^^^^^^^^^^^^^^^^^^^^^^^^^^^^^^^^^^^^^^^^^^^^^^
2025-10-19T22:12:05:   File "/root/the11/backend/services/google_sheets_generator.py", line 129, in create_sow_sheet
2025-10-19T22:12:05:     raise Exception(
2025-10-19T22:12:05: Exception: Google Sheets API 403 Permission Denied. Error: <HttpError 403 when requesting https://sheets.googleapis.com/v4/spreadsheets?alt=json returned "The caller does not have permission". Details: "The caller does not have permission">
2025-10-19T22:12:05: 
2025-10-19T22:12:05: INFO:     127.0.0.1:45530 - "POST /create-sheet HTTP/1.1" 500 Internal Server Error
2025-10-19T22:26:50: INFO:     Shutting down
2025-10-19T22:26:50: INFO:     Waiting for application shutdown.
2025-10-19T22:26:50: INFO:     Application shutdown complete.
2025-10-19T22:26:50: INFO:     Finished server process [16426]
2025-10-19T22:26:51: INFO:     Started server process [18758]
2025-10-19T22:26:51: INFO:     Waiting for application startup.
2025-10-19T22:26:51: INFO:     Application startup complete.
2025-10-19T22:26:51: INFO:     Uvicorn running on http://0.0.0.0:8000 (Press CTRL+C to quit)
2025-10-19T22:27:01: INFO:     127.0.0.1:39418 - "GET /oauth/authorize HTTP/1.1" 200 OK
2025-10-19T22:28:28: WARNING:  Invalid HTTP request received.
2025-10-19T22:31:06: WARNING:  Invalid HTTP request received.
2025-10-19T22:31:06: WARNING:  Invalid HTTP request received.
2025-10-19T22:34:32: INFO:     127.0.0.1:50826 - "GET /oauth/authorize HTTP/1.1" 200 OK
2025-10-19T22:39:08: INFO:     168.231.115.219:53190 - "GET /oauth/authorize HTTP/1.1" 200 OK
2025-10-19T22:52:46: === DEBUG: Received HTML Content ===
2025-10-19T22:52:46: <h1>Scope of Work: CCC Real Estate - HubSpot Integration, Landing Pages &amp; AI Chatbot</h1><h2>Overview</h2><p>This scope of work details a proposed solution for Social Garden to support CCC Real Estate with HubSpot integration, three targeted landing pages, and an AI chatbot implementation to enhance lead generation, streamline customer interactions, and improve overall marketing efficiency for their real estate business.</p><h2>What does the scope include?</h2><p>• HubSpot account setup and 
2025-10-19T22:52:46: === Has table tag: True ===
2025-10-19T22:52:47: INFO:     127.0.0.1:36120 - "POST /generate-pdf HTTP/1.1" 200 OK
2025-10-19T23:14:25: INFO:     168.231.115.219:36762 - "GET /oauth/authorize HTTP/1.1" 200 OK
2025-10-19T23:34:04: INFO:     168.231.115.219:50680 - "POST /oauth/token HTTP/1.1" 422 Unprocessable Entity
2025-10-19T23:35:08: INFO:     Shutting down
2025-10-19T23:35:09: INFO:     Waiting for application shutdown.
2025-10-19T23:35:09: INFO:     Application shutdown complete.
2025-10-19T23:35:09: INFO:     Finished server process [18758]
2025-10-19T23:35:10: INFO:     Started server process [26751]
2025-10-19T23:35:10: INFO:     Waiting for application startup.
2025-10-19T23:35:10: INFO:     Application startup complete.
2025-10-19T23:35:10: INFO:     Uvicorn running on http://0.0.0.0:8000 (Press CTRL+C to quit)
2025-10-19T23:54:50: INFO:     Shutting down
2025-10-19T23:54:50: INFO:     Waiting for application shutdown.
2025-10-19T23:54:50: INFO:     Application shutdown complete.
2025-10-19T23:54:50: INFO:     Finished server process [26751]
2025-10-19T23:54:51: INFO:     Started server process [29156]
2025-10-19T23:54:51: INFO:     Waiting for application startup.
2025-10-19T23:54:51: INFO:     Application startup complete.
2025-10-19T23:54:51: INFO:     Uvicorn running on http://0.0.0.0:8000 (Press CTRL+C to quit)
2025-10-20T00:02:41: INFO:     Shutting down
2025-10-20T00:02:41: INFO:     Waiting for application shutdown.
2025-10-20T00:02:41: INFO:     Application shutdown complete.
2025-10-20T00:02:41: INFO:     Finished server process [29156]
2025-10-20T00:06:11: INFO:     Started server process [35320]
2025-10-20T00:06:11: INFO:     Waiting for application startup.
2025-10-20T00:06:11: INFO:     Application startup complete.
2025-10-20T00:06:11: INFO:     Uvicorn running on http://0.0.0.0:8000 (Press CTRL+C to quit)
2025-10-20T00:35:05: INFO:     Shutting down
2025-10-20T00:35:05: INFO:     Waiting for application shutdown.
2025-10-20T00:35:05: INFO:     Application shutdown complete.
2025-10-20T00:35:05: INFO:     Finished server process [35320]
2025-10-20T00:35:07: INFO:     Started server process [44676]
2025-10-20T00:35:07: INFO:     Waiting for application startup.
2025-10-20T00:35:07: INFO:     Application startup complete.
2025-10-20T00:35:07: INFO:     Uvicorn running on http://0.0.0.0:8000 (Press CTRL+C to quit)
2025-10-20T00:50:18: INFO:     127.0.0.1:48862 - "GET /folders HTTP/1.1" 404 Not Found
2025-10-20T01:05:11: INFO:     172.18.0.10:55790 - "GET /oauth/authorize HTTP/1.1" 200 OK
2025-10-20T01:06:25: INFO:     172.18.0.10:41158 - "GET /oauth/authorize HTTP/1.1" 200 OK
2025-10-20T01:08:27: INFO:     172.18.0.11:49246 - "GET /oauth/authorize HTTP/1.1" 200 OK
2025-10-20T01:12:38: INFO:     172.18.0.10:33668 - "GET /oauth/authorize HTTP/1.1" 200 OK
2025-10-20T02:00:28: INFO:     Started server process [66120]
2025-10-20T02:00:28: INFO:     Waiting for application startup.
2025-10-20T02:00:28: INFO:     Application startup complete.
2025-10-20T02:00:28: INFO:     Uvicorn running on http://0.0.0.0:8000 (Press CTRL+C to quit)
2025-10-20T02:00:43: INFO:     127.0.0.1:54720 - "GET /oauth/authorize HTTP/1.1" 200 OK
2025-10-20T02:04:11: INFO:     172.18.0.11:47798 - "GET /oauth/authorize HTTP/1.1" 200 OK
2025-10-20T02:04:36: INFO:     172.18.0.11:57046 - "POST /oauth/token HTTP/1.1" 422 Unprocessable Entity
2025-10-20T02:16:40: INFO:     172.18.0.10:47954 - "GET /oauth/authorize HTTP/1.1" 200 OK
2025-10-20T02:17:36: INFO:     172.18.0.10:39184 - "POST /oauth/token HTTP/1.1" 422 Unprocessable Entity
2025-10-20T02:25:45: INFO:     172.18.0.11:50722 - "GET /oauth/authorize HTTP/1.1" 200 OK
2025-10-20T02:26:00: INFO:     172.18.0.11:60406 - "POST /oauth/token HTTP/1.1" 422 Unprocessable Entity
2025-10-20T02:34:56: INFO:     147.185.132.49:65018 - "GET / HTTP/1.1" 404 Not Found
2025-10-20T02:37:53: INFO:     172.18.0.10:60008 - "GET /oauth/authorize HTTP/1.1" 200 OK
2025-10-20T02:38:10: INFO:     172.18.0.10:49258 - "POST /oauth/token HTTP/1.1" 422 Unprocessable Entity
2025-10-20T02:38:25: INFO:     172.18.0.10:41510 - "GET /oauth/authorize HTTP/1.1" 200 OK
2025-10-20T02:38:38: INFO:     172.18.0.10:39644 - "POST /oauth/token HTTP/1.1" 422 Unprocessable Entity
2025-10-20T02:50:03: INFO:     172.18.0.11:44086 - "GET /oauth/authorize HTTP/1.1" 200 OK
2025-10-20T02:50:18: INFO:     172.18.0.11:44032 - "POST /oauth/token HTTP/1.1" 422 Unprocessable Entity
2025-10-20T02:53:38: === DEBUG: Received HTML Content ===
2025-10-20T02:53:38: <h1>Scope of Work: CCC Real Estate - HubSpot Integration, Landing Pages &amp; AI Chatbot</h1><h2>Overview</h2><p>This scope of work details a proposed solution for Social Garden to support CCC Real Estate with HubSpot integration, three targeted landing pages, and an AI chatbot implementation to enhance lead generation, streamline customer interactions, and improve overall marketing efficiency for their real estate business.</p><h2>What does the scope include?</h2><p>• HubSpot account setup and 
2025-10-20T02:53:38: === Has table tag: True ===
2025-10-20T02:53:39: INFO:     172.18.0.11:33104 - "POST /generate-pdf HTTP/1.1" 200 OK
2025-10-20T02:57:38: INFO:     Shutting down
2025-10-20T02:57:38: INFO:     Waiting for application shutdown.
2025-10-20T02:57:38: INFO:     Application shutdown complete.
2025-10-20T02:57:38: INFO:     Finished server process [66120]
2025-10-20T02:57:39: INFO:     Started server process [74831]
2025-10-20T02:57:39: INFO:     Waiting for application startup.
2025-10-20T02:57:39: INFO:     Application startup complete.
2025-10-20T02:57:39: INFO:     Uvicorn running on http://0.0.0.0:8000 (Press CTRL+C to quit)
2025-10-20T03:01:21: INFO:     172.18.0.10:60392 - "GET /oauth/authorize HTTP/1.1" 200 OK
2025-10-20T03:01:37: ERROR exchanging token: Failed to exchange code for token: Scope has changed from "https://www.googleapis.com/auth/drive https://www.googleapis.com/auth/userinfo.email https://www.googleapis.com/auth/spreadsheets" to "openid https://www.googleapis.com/auth/spreadsheets https://www.googleapis.com/auth/userinfo.email https://www.googleapis.com/auth/drive".
2025-10-20T03:01:37: INFO:     172.18.0.10:53740 - "POST /oauth/token HTTP/1.1" 400 Bad Request
2025-10-20T03:08:36: INFO:     172.18.0.11:38780 - "GET /oauth/authorize HTTP/1.1" 200 OK
2025-10-20T03:08:52: ERROR exchanging token: Failed to exchange code for token: Scope has changed from "https://www.googleapis.com/auth/drive https://www.googleapis.com/auth/userinfo.email https://www.googleapis.com/auth/spreadsheets" to "openid https://www.googleapis.com/auth/drive https://www.googleapis.com/auth/userinfo.email https://www.googleapis.com/auth/spreadsheets".
2025-10-20T03:08:52: INFO:     172.18.0.11:49364 - "POST /oauth/token HTTP/1.1" 400 Bad Request
2025-10-20T03:10:20: INFO:     Shutting down
2025-10-20T03:10:20: INFO:     Waiting for application shutdown.
2025-10-20T03:10:20: INFO:     Application shutdown complete.
2025-10-20T03:10:20: INFO:     Finished server process [74831]
2025-10-20T03:10:22: INFO:     Started server process [76862]
2025-10-20T03:10:22: INFO:     Waiting for application startup.
2025-10-20T03:10:22: INFO:     Application startup complete.
2025-10-20T03:10:22: INFO:     Uvicorn running on http://0.0.0.0:8000 (Press CTRL+C to quit)
2025-10-20T03:11:31: INFO:     172.18.0.10:54126 - "GET /oauth/authorize HTTP/1.1" 200 OK
2025-10-20T03:11:44: INFO:     172.18.0.10:56498 - "POST /oauth/token HTTP/1.1" 200 OK
2025-10-20T03:20:08: INFO:     172.18.0.10:46504 - "GET /oauth/authorize HTTP/1.1" 200 OK
2025-10-20T03:23:48: INFO:     172.18.0.11:33382 - "POST /oauth/token HTTP/1.1" 200 OK
2025-10-20T03:31:14: INFO:     172.18.0.11:41036 - "GET /oauth/authorize HTTP/1.1" 200 OK
2025-10-20T03:31:36: INFO:     172.18.0.11:60162 - "POST /oauth/token HTTP/1.1" 200 OK
2025-10-20T03:33:13: INFO:     172.18.0.10:53114 - "GET /oauth/authorize HTTP/1.1" 200 OK
2025-10-20T03:33:27: INFO:     172.18.0.10:47320 - "POST /oauth/token HTTP/1.1" 200 OK
2025-10-20T03:36:10: INFO:     Shutting down
2025-10-20T03:36:10: INFO:     Waiting for application shutdown.
2025-10-20T03:36:10: INFO:     Application shutdown complete.
2025-10-20T03:36:10: INFO:     Finished server process [76862]
2025-10-20T03:36:11: INFO:     Started server process [80446]
2025-10-20T03:36:11: INFO:     Waiting for application startup.
2025-10-20T03:36:11: INFO:     Application startup complete.
2025-10-20T03:36:11: INFO:     Uvicorn running on http://0.0.0.0:8000 (Press CTRL+C to quit)
